[["2011-11-03T19:35:40.523Z", "DEBUG", "jolt.sea", 14734, 0, "test.pl", "test.pl", 23, "main", null], "LOOP - ", {"fh_inode": 5431906, "name_inode": null, "time": 1320348940}]
[["2011-11-03T19:35:55.524Z", "DEBUG", "jolt.sea", 14734, 0, "test.pl", "test.pl", 23, "main", null], "LOOP - ", {"fh_inode": 5431949, "name_inode": 5431949, "time": 1320348955}]
[["2011-11-03T19:36:10.524Z", "DEBUG", "jolt.sea", 14734, 0, "test.pl", "test.pl", 23, "main", null], "LOOP - ", {"fh_inode": 5431949, "name_inode": 5431949, "time": 1320348970}]
[["2011-11-03T19:36:25.524Z", "DEBUG", "jolt.sea", 14734, 0, "test.pl", "test.pl", 23, "main", null], "LOOP - ", {"fh_inode": 5431949, "name_inode": 5431949, "time": 1320348985}]
[["2011-11-03T19:36:40.525Z", "DEBUG", "jolt.sea", 14734, 0, "test.pl", "test.pl", 23, "main", null], "LOOP - ", {"fh_inode": 5431949, "name_inode": 5431949, "time": 1320349000}]
[["2011-11-03T19:36:55.525Z", "DEBUG", "jolt.sea", 14734, 0, "test.pl", "test.pl", 23, "main", null], "LOOP - ", {"fh_inode": 5431949, "name_inode": 5431949, "time": 1320349015}]
[["2011-11-03T19:37:10.526Z", "DEBUG", "jolt.sea", 14734, 0, "test.pl", "test.pl", 23, "main", null], "LOOP - ", {"fh_inode": 5431949, "name_inode": 5431949, "time": 1320349030}]
[["2011-11-03T19:37:25.526Z", "DEBUG", "jolt.sea", 14734, 0, "test.pl", "test.pl", 23, "main", null], "LOOP - ", {"fh_inode": 5431949, "name_inode": 5431949, "time": 1320349045}]
[["2011-11-03T19:37:40.526Z", "DEBUG", "jolt.sea", 14734, 0, "test.pl", "test.pl", 23, "main", null], "LOOP - ", {"fh_inode": 5431949, "name_inode": 5431949, "time": 1320349060}]
[["2011-11-03T19:37:55.527Z", "DEBUG", "jolt.sea", 14734, 0, "test.pl", "test.pl", 23, "main", null], "LOOP - ", {"fh_inode": 5431949, "name_inode": 5431949, "time": 1320349075}]
